// Jest Snapshot v1, https://goo.gl/fbAQLP

exports[`Get cases by type id C1461825 - TypeId = 1 1`] = `
Array [
  Object {
    "adjust": Object {
      "10": "5",
      "20": "10",
      "30": "15",
    },
    "caseTypeId": 1,
    "cost": 20,
    "currency": "RUB",
    "id": 2,
    "max": 200,
    "min": 5,
    "name": "Везунчик",
    "priceMaxWin": 200,
    "priceMinWin": 5,
    "totallyWon": 35665,
  },
  Object {
    "adjust": Object {
      "10": "0.08",
      "20": "0.2",
      "30": "0.25",
    },
    "caseTypeId": 1,
    "cost": 0.4,
    "currency": "USD",
    "id": 11,
    "max": 4,
    "min": 0.08,
    "name": "Везунчик",
    "priceMaxWin": 4,
    "priceMinWin": 0.08,
    "totallyWon": 100839.52,
  },
  Object {
    "adjust": Object {
      "10": "0.08",
      "20": "0.2",
      "30": "0.25",
    },
    "caseTypeId": 1,
    "cost": 0.4,
    "currency": "EUR",
    "id": 18,
    "max": 4,
    "min": 0.08,
    "name": "Везунчик",
    "priceMaxWin": 4,
    "priceMinWin": 0.08,
    "totallyWon": 100143.15,
  },
]
`;

exports[`Get cases by type id C1461826 - TypeId = 2 1`] = `
Array [
  Object {
    "adjust": Object {
      "10": "10",
      "20": "30",
      "30": "50",
    },
    "caseTypeId": 2,
    "cost": 50,
    "currency": "RUB",
    "id": 3,
    "max": 500,
    "min": 10,
    "name": "Топовый",
    "priceMaxWin": 500,
    "priceMinWin": 10,
    "totallyWon": 86568,
  },
  Object {
    "adjust": Object {
      "10": "0.2",
      "20": "0.4",
      "30": "0.5",
    },
    "caseTypeId": 2,
    "cost": 1,
    "currency": "USD",
    "id": 10,
    "max": 10,
    "min": 0.2,
    "name": "Топовый",
    "priceMaxWin": 10,
    "priceMinWin": 0.2,
    "totallyWon": 252071.99,
  },
  Object {
    "adjust": Object {
      "10": "0.2",
      "20": "0.4",
      "30": "0.5",
    },
    "caseTypeId": 2,
    "cost": 1,
    "currency": "EUR",
    "id": 19,
    "max": 10,
    "min": 0.2,
    "name": "Топовый",
    "priceMaxWin": 10,
    "priceMinWin": 0.2,
    "totallyWon": 251361.23,
  },
]
`;

exports[`Get cases by type id C1461827 - TypeId = 3 1`] = `
Array [
  Object {
    "adjust": Object {
      "10": "50",
      "20": "150",
      "30": "250",
    },
    "caseTypeId": 3,
    "cost": 100,
    "currency": "RUB",
    "id": 4,
    "max": 500,
    "min": 50,
    "name": "Фартовый",
    "priceMaxWin": 500,
    "priceMinWin": 50,
    "totallyWon": 391564,
  },
  Object {
    "adjust": Object {
      "10": "0.2",
      "20": "0.6",
      "30": "1",
    },
    "caseTypeId": 3,
    "cost": 2,
    "currency": "USD",
    "id": 12,
    "max": 10,
    "min": 1,
    "name": "Фартовый",
    "priceMaxWin": 10,
    "priceMinWin": 1,
    "totallyWon": 28671.17,
  },
  Object {
    "adjust": Object {
      "10": "0.2",
      "20": "0.6",
      "30": "1",
    },
    "caseTypeId": 3,
    "cost": 2,
    "currency": "EUR",
    "id": 20,
    "max": 10,
    "min": 1,
    "name": "Фартовый",
    "priceMaxWin": 10,
    "priceMinWin": 1,
    "totallyWon": 26165.88,
  },
]
`;

exports[`Get cases by type id C1461828 - TypeId = 4 1`] = `
Array [
  Object {
    "adjust": Object {
      "10": "2",
      "20": "3",
      "30": "5",
    },
    "caseTypeId": 4,
    "cost": 500,
    "currency": "RUB",
    "id": 5,
    "max": 5000,
    "min": 100,
    "name": "Лакшери",
    "priceMaxWin": 5000,
    "priceMinWin": 100,
    "totallyWon": 495140,
  },
  Object {
    "adjust": Object {
      "10": "0.2",
      "20": "0.6",
      "30": "1",
    },
    "caseTypeId": 4,
    "cost": 10,
    "currency": "USD",
    "id": 13,
    "max": 100,
    "min": 2,
    "name": "Лакшери",
    "priceMaxWin": 100,
    "priceMinWin": 2,
    "totallyWon": 59339.15,
  },
  Object {
    "adjust": Object {
      "10": "0.2",
      "20": "0.6",
      "30": "1",
    },
    "caseTypeId": 4,
    "cost": 10,
    "currency": "EUR",
    "id": 21,
    "max": 100,
    "min": 2,
    "name": "Лакшери",
    "priceMaxWin": 100,
    "priceMinWin": 2,
    "totallyWon": 53300.92,
  },
]
`;

exports[`Get cases by type id C1461829 - TypeId = 5 1`] = `
Array [
  Object {
    "adjust": Object {
      "10": "100",
      "20": "250",
      "30": "500",
    },
    "caseTypeId": 5,
    "cost": 1000,
    "currency": "RUB",
    "id": 6,
    "max": 10000,
    "min": 500,
    "name": "Олигарх",
    "priceMaxWin": 10000,
    "priceMinWin": 500,
    "totallyWon": 1660362,
  },
  Object {
    "adjust": Object {
      "10": "2",
      "20": "5",
      "30": "10",
    },
    "caseTypeId": 5,
    "cost": 20,
    "currency": "USD",
    "id": 22,
    "max": 200,
    "min": 10,
    "name": "Олигарх",
    "priceMaxWin": 200,
    "priceMinWin": 10,
    "totallyWon": 5323.22,
  },
  Object {
    "adjust": Object {
      "10": "2",
      "20": "5",
      "30": "10",
    },
    "caseTypeId": 5,
    "cost": 20,
    "currency": "EUR",
    "id": 23,
    "max": 200,
    "min": 10,
    "name": "Олигарх",
    "priceMaxWin": 200,
    "priceMinWin": 10,
    "totallyWon": 93.23,
  },
]
`;

exports[`Get cases by type id C1461830 - TypeId = 6 1`] = `
Array [
  Object {
    "adjust": Object {
      "10": "500",
      "20": "1500",
      "30": "2500",
    },
    "caseTypeId": 6,
    "cost": 5000,
    "currency": "RUB",
    "id": 7,
    "max": 10000,
    "min": 2500,
    "name": "Миллионер",
    "priceMaxWin": 10000,
    "priceMinWin": 2500,
    "totallyWon": 4098814,
  },
  Object {
    "adjust": Object {
      "10": "10",
      "20": "30",
      "30": "50",
    },
    "caseTypeId": 6,
    "cost": 100,
    "currency": "USD",
    "id": 24,
    "max": 200,
    "min": 50,
    "name": "Миллионер",
    "priceMaxWin": 200,
    "priceMinWin": 50,
    "totallyWon": 19887.84,
  },
  Object {
    "adjust": Object {
      "10": "10",
      "20": "30",
      "30": "50",
    },
    "caseTypeId": 6,
    "cost": 100,
    "currency": "EUR",
    "id": 25,
    "max": 200,
    "min": 50,
    "name": "Миллионер",
    "priceMaxWin": 200,
    "priceMinWin": 50,
    "totallyWon": 730.17,
  },
]
`;

exports[`Get cases by type id C1461831 - TypeId = 7 1`] = `
Array [
  Object {
    "adjust": Object {
      "10": "1000",
      "20": "2500",
      "30": "5000",
    },
    "caseTypeId": 7,
    "cost": 10000,
    "currency": "RUB",
    "id": 8,
    "max": 50000,
    "min": 5000,
    "name": "Хозяин жизни",
    "priceMaxWin": 50000,
    "priceMinWin": 5000,
    "totallyWon": 12474140,
  },
  Object {
    "adjust": Object {
      "10": "20",
      "20": "60",
      "30": "100",
    },
    "caseTypeId": 7,
    "cost": 200,
    "currency": "USD",
    "id": 26,
    "max": 1000,
    "min": 100,
    "name": "Хозяин жизни",
    "priceMaxWin": 1000,
    "priceMinWin": 100,
    "totallyWon": 9349235.76,
  },
  Object {
    "adjust": Object {
      "10": "20",
      "20": "60",
      "30": "100",
    },
    "caseTypeId": 7,
    "cost": 200,
    "currency": "EUR",
    "id": 28,
    "max": 1000,
    "min": 100,
    "name": "Хозяин жизни",
    "priceMaxWin": 1000,
    "priceMinWin": 100,
    "totallyWon": 9349636.53,
  },
]
`;
